// Jest Snapshot v1, https://goo.gl/fbAQLP

exports[`renderes correctly 1`] = `<Connect(BLEHelper) />`;

exports[`renders correctly 1`] = `<Connect(BLEHelper) />`;
